[0m13:43:48.916312 [debug] [MainThread]: Sending event: {'category': 'dbt', 'action': 'invocation', 'label': 'start', 'context': [<snowplow_tracker.self_describing_json.SelfDescribingJson object at 0x0000019C76E6BE50>, <snowplow_tracker.self_describing_json.SelfDescribingJson object at 0x0000019C76D8FC50>, <snowplow_tracker.self_describing_json.SelfDescribingJson object at 0x0000019C76D8FBD0>]}


============================== 13:43:48.933456 | 7e33c50c-e7ba-4519-9486-7d93b69c04a8 ==============================
[0m13:43:48.933456 [info ] [MainThread]: Running with dbt=1.12.5
[0m13:43:48.933456 [debug] [MainThread]: running dbt with arguments {'version_check': 'True', 'no_print': 'None', 'maximum_seed_size_mib': '1', 'warn_error_options': 'WarnErrorOptionsV2(error=[], warn=[], silence=[])', 'target_path': 'None', 'static_parser': 'True', 'printer_width': '80', 'write_json': 'True', 'introspect': 'True', 'log_cache_events': 'False', 'empty': 'None', 'cache_selected_only': 'False', 'fail_fast': 'False', 'debug': 'False', 'log_format': 'default', 'partial_parse': 'True', 'send_anonymous_usage_stats': 'True', 'quiet': 'False', 'warn_error': 'None', 'profiles_dir': 'C:\\Users\\Sarthak Sharma\\.dbt', 'invocation_command': 'dbt init spotify_dbt', 'hints_enabled': 'True', 'use_colors': 'True', 'use_experimental_parser': 'False', 'indirect_selection': 'eager', 'log_path': 'logs'}
[0m13:43:49.162324 [info ] [MainThread]: Creating dbt configuration folder at C:\Users\Sarthak Sharma\.dbt
[0m13:43:49.187757 [debug] [MainThread]: Starter project path: C:\dev\spotify-pipeline\venv\Lib\site-packages\dbt\include\starter_project
[0m13:43:49.312330 [info ] [MainThread]: Setting up your profile.
[0m13:49:18.797644 [info ] [MainThread]: Profile spotify_dbt written to C:\Users\Sarthak Sharma\.dbt\profiles.yml using target's profile_template.yml and your supplied values.
[0m13:49:18.813446 [info ] [MainThread]: Running dbt debug to validate the project...
[0m13:49:18.813446 [info ] [MainThread]: dbt version: 1.12.5
[0m13:49:18.813446 [info ] [MainThread]: python version: 3.11.9
[0m13:49:18.813446 [info ] [MainThread]: python path: C:\dev\spotify-pipeline\venv\Scripts\python.exe
[0m13:49:18.813446 [info ] [MainThread]: os info: Windows-10-10.0.26200-SP0
[0m13:49:18.861050 [info ] [MainThread]: Using profiles dir at C:\Users\Sarthak Sharma\.dbt
[0m13:49:18.877223 [info ] [MainThread]: Using profiles.yml file at C:\Users\Sarthak Sharma\.dbt\profiles.yml
[0m13:49:18.877223 [info ] [MainThread]: Using dbt_project.yml file at C:\dev\spotify-pipeline\spotify_dbt\dbt_project.yml
[0m13:49:18.885693 [info ] [MainThread]: adapter type: postgres
[0m13:49:18.885693 [info ] [MainThread]: adapter version: 1.11.0
[0m13:49:18.982838 [info ] [MainThread]: Configuration:
[0m13:49:18.982838 [info ] [MainThread]:   profiles.yml file [[32mOK found and valid[0m]
[0m13:49:18.982838 [info ] [MainThread]:   dbt_project.yml file [[32mOK found and valid[0m]
[0m13:49:18.988145 [info ] [MainThread]: Required dependencies:
[0m13:49:18.988145 [debug] [MainThread]: Executing "git --help"
[0m13:49:18.988145 [info ] [MainThread]:  - git [[31mERROR[0m]

[0m13:49:18.988145 [info ] [MainThread]: Connection:
[0m13:49:18.988145 [info ] [MainThread]:   host: localhost
[0m13:49:18.988145 [info ] [MainThread]:   port: 5432
[0m13:49:18.988145 [info ] [MainThread]:   user: spotify_user
[0m13:49:18.988145 [info ] [MainThread]:   database: spotify_data
[0m13:49:18.988145 [info ] [MainThread]:   schema: dbt_dev
[0m13:49:19.003845 [info ] [MainThread]:   connect_timeout: 10
[0m13:49:19.003845 [info ] [MainThread]:   role: None
[0m13:49:19.003845 [info ] [MainThread]:   search_path: None
[0m13:49:19.003845 [info ] [MainThread]:   keepalives_idle: 0
[0m13:49:19.003845 [info ] [MainThread]:   sslmode: None
[0m13:49:19.003845 [info ] [MainThread]:   sslcert: None
[0m13:49:19.003845 [info ] [MainThread]:   sslkey: None
[0m13:49:19.003845 [info ] [MainThread]:   sslrootcert: None
[0m13:49:19.003845 [info ] [MainThread]:   application_name: dbt
[0m13:49:19.003845 [info ] [MainThread]:   autocommit: False
[0m13:49:19.003845 [info ] [MainThread]:   retries: 1
[0m13:49:19.003845 [info ] [MainThread]: Registered adapter: postgres=1.11.0
[0m13:49:19.258935 [debug] [MainThread]: Acquiring new postgres connection 'debug'
[0m13:49:22.951464 [debug] [MainThread]: Using postgres connection "debug"
[0m13:49:22.951464 [debug] [MainThread]: On debug: select 1 as id
[0m13:49:22.951464 [debug] [MainThread]: Opening a new connection, currently in state init
[0m13:49:22.983339 [debug] [MainThread]: SQL status: SELECT 1 in 0.022 seconds
[0m13:49:22.983339 [debug] [MainThread]: On debug: Close
[0m13:49:22.987493 [info ] [MainThread]:   Connection test: [[32mOK connection ok[0m]

[0m13:49:22.987493 [info ] [MainThread]: [31m1 check failed:[0m
[0m13:49:22.987493 [info ] [MainThread]: Error from git --help: Could not find command, ensure it is in the user's PATH and that the user has permissions to run it: "git"

[0m13:49:22.987493 [info ] [MainThread]: Your new dbt project "spotify_dbt" was created!
Initialized new project in C:\dev\spotify-pipeline\spotify_dbt\spotify_dbt

For more information on how to configure the profiles.yml file,
please consult the dbt documentation here:

  https://docs.getdbt.com/docs/configure-your-profile

One more thing:

Need help? Don't hesitate to reach out to us via GitHub issues or on Slack:

  https://community.getdbt.com/

Happy modeling!

[0m13:49:22.987493 [info ] [MainThread]: [31mYour profile may need adjustments. You can find the logs of `dbt debug` above[0m
[0m13:49:22.987493 [debug] [MainThread]: Command `dbt init` succeeded at 13:49:22.987493 after 334.21 seconds
[0m13:49:22.987493 [debug] [MainThread]: Connection 'debug' was properly closed.
[0m13:49:22.987493 [debug] [MainThread]: Sending event: {'category': 'dbt', 'action': 'invocation', 'label': 'end', 'context': [<snowplow_tracker.self_describing_json.SelfDescribingJson object at 0x0000019C782B4910>, <snowplow_tracker.self_describing_json.SelfDescribingJson object at 0x0000019C78062090>, <snowplow_tracker.self_describing_json.SelfDescribingJson object at 0x0000019C76E5BF50>]}
[0m13:49:22.987493 [debug] [MainThread]: Flushing usage events
[0m13:49:24.252925 [debug] [MainThread]: An error was encountered while trying to flush usage events
